#-----------------------------------------------------------
# Vivado v2025.2 (64-bit)
# SW Build 6299465 on Fri Nov 14 19:35:11 GMT 2025
# IP Build 6300035 on Fri Nov 14 10:48:45 MST 2025
# SharedData Build 6298862 on Thu Nov 13 04:50:51 MST 2025
# Start of session at: Thu Mar 12 03:54:04 2026
# Process ID         : 10024
# Current directory  : E:/github/Loongarch/LLaMA2-on-OpenLA500/fpga/project/Loongson_Soc.runs/impl_1
# Command line       : vivado.exe -log soc_top.vdi -applog -product Vivado -messageDb vivado.pb -mode batch -source soc_top.tcl -notrace
# Log file           : E:/github/Loongarch/LLaMA2-on-OpenLA500/fpga/project/Loongson_Soc.runs/impl_1/soc_top.vdi
# Journal file       : E:/github/Loongarch/LLaMA2-on-OpenLA500/fpga/project/Loongson_Soc.runs/impl_1\vivado.jou
# Running On         : DESKTOP-HDDM8O8
# Platform           : Windows Server 2016 or Windows 10
# Operating System   : 26200
# Processor Detail   : 13th Gen Intel(R) Core(TM) i7-13650HX
# CPU Frequency      : 2803 MHz
# CPU Physical cores : 14
# CPU Logical cores  : 20
# Host memory        : 16849 MB
# Swap memory        : 32531 MB
# Total Virtual      : 49380 MB
# Available Virtual  : 12423 MB
#-----------------------------------------------------------
source soc_top.tcl -notrace
