#-----------------------------------------------------------
# Vivado v2025.2 (64-bit)
# SW Build 6299465 on Fri Nov 14 19:35:11 GMT 2025
# IP Build 6300035 on Fri Nov 14 10:48:45 MST 2025
# SharedData Build 6298862 on Thu Nov 13 04:50:51 MST 2025
# Start of session at: Sun Mar 15 20:12:12 2026
# Process ID         : 21792
# Current directory  : E:/github/Loongarch/LLaMA2-on-OpenLA500/fpga/project
# Command line       : vivado.exe -gui_launcher_event rodinguilauncherevent2120 E:\github\Loongarch\LLaMA2-on-OpenLA500\fpga\project\Loongson_Soc.xpr
# Log file           : E:/github/Loongarch/LLaMA2-on-OpenLA500/fpga/project/vivado.log
# Journal file       : E:/github/Loongarch/LLaMA2-on-OpenLA500/fpga/project\vivado.jou
# Running On         : DESKTOP-HDDM8O8
# Platform           : Windows Server 2016 or Windows 10
# Operating System   : 26200
# Processor Detail   : 13th Gen Intel(R) Core(TM) i7-13650HX
# CPU Frequency      : 2803 MHz
# CPU Physical cores : 14
# CPU Logical cores  : 20
# Host memory        : 16849 MB
# Swap memory        : 32531 MB
# Total Virtual      : 49380 MB
# Available Virtual  : 14151 MB
#-----------------------------------------------------------
start_gui
oopen_project E:/github/Loongarch/LLaMA2-on-OpenLA500/fpga/project/Loongson_Soc.xpruupdate_compile_order -fileset sources_1
launch_simulation
source tb_top.tcl
run all
close_sim
launch_simulation
source tb_top.tcl
current_wave_config {Untitled 2}
add_wave {{/tb_top/u_soc_top/debug0_wb_pc}} {{/tb_top/u_soc_top/debug0_wb_rf_wen}} {{/tb_top/u_soc_top/debug0_wb_rf_wnum}} {{/tb_top/u_soc_top/debug0_wb_rf_wdata}} {{/tb_top/u_soc_top/debug0_wb_inst}} 
run all
close_sim
add_files -fileset constrs_1 -norecurse E:/github/Loongarch/LLaMA2-on-OpenLA500/fpga/constraints/soc.xdc
launch_simulation
source tb_top.tcl
current_wave_config {Untitled 3}
add_wave {{/tb_top/u_soc_top/debug0_wb_pc}} {{/tb_top/u_soc_top/debug0_wb_inst}} 
run all
close_sim
launch_simulation
source tb_top.tcl
run all
close_sim
launch_simulation
source tb_top.tcl
run all
close_sim
